---
source: crates/postgres/tests/integration/external_services/fetch_all.rs
expression: ctx.queries()
---
[[queries]]
sql = '''
SELECT
  "id",
  "slug",
  "kind",
  "name",
  "base_url",
  "url_pattern"
FROM
  "external_services"
ORDER BY
  "slug" ASC'''
rows_affected = 4
rows_returned = 4
