---
source: crates/postgres/tests/integration/replicas/fetch_thumbnail_by_id.rs
expression: ctx.queries()
---
[[queries]]
sql = '''
SELECT
  "data"
FROM
  "thumbnails"
WHERE
  "id" = $1'''
rows_affected = 1
rows_returned = 1
