---
source: crates/postgres/tests/integration/tag_types/update_by_id.rs
expression: ctx.queries()
---
[[queries]]
sql = '''
SELECT
  "id",
  "slug",
  "name",
  "kana"
FROM
  "tag_types"
WHERE
  "id" = $1
FOR UPDATE'''
rows_affected = 0
rows_returned = 0
