---
source: crates/postgres/tests/integration/tags/detach_by_id.rs
expression: ctx.queries()
---
queries = []
