---
source: crates/postgres/tests/integration/media/watch_by_id.rs
expression: ctx.queries()
---
[[queries]]
sql = 'LISTEN "replicas"'
rows_affected = 0
rows_returned = 0

[[queries]]
sql = '''
SELECT
  "id",
  "created_at",
  "updated_at"
FROM
  "media"
WHERE
  "id" = $1'''
rows_affected = 1
rows_returned = 1

[[queries]]
sql = '''
SELECT
  "replicas"."id" AS "replica_id",
  "replicas"."medium_id" AS "replica_medium_id",
  "replicas"."display_order" AS "replica_display_order",
  "replicas"."original_url" AS "replica_original_url",
  "replicas"."mime_type" AS "replica_mime_type",
  "replicas"."width" AS "replica_width",
  "replicas"."height" AS "replica_height",
  "replicas"."phase" AS "replica_phase",
  "replicas"."created_at" AS "replica_created_at",
  "replicas"."updated_at" AS "replica_updated_at",
  "thumbnails"."id" AS "thumbnail_id",
  "thumbnails"."width" AS "thumbnail_width",
  "thumbnails"."height" AS "thumbnail_height",
  "thumbnails"."created_at" AS "thumbnail_created_at",
  "thumbnails"."updated_at" AS "thumbnail_updated_at"
FROM
  "replicas"
LEFT JOIN
  "thumbnails" ON "replicas"."id" = "thumbnails"."replica_id"
WHERE
  "medium_id" IN ($1)
ORDER BY
  "medium_id" ASC,
  "display_order" ASC'''
rows_affected = 2
rows_returned = 2

[[queries]]
sql = '''
SELECT
  "id",
  "created_at",
  "updated_at"
FROM
  "media"
WHERE
  "id" = $1'''
rows_affected = 1
rows_returned = 1

[[queries]]
sql = '''
SELECT
  "replicas"."id" AS "replica_id",
  "replicas"."medium_id" AS "replica_medium_id",
  "replicas"."display_order" AS "replica_display_order",
  "replicas"."original_url" AS "replica_original_url",
  "replicas"."mime_type" AS "replica_mime_type",
  "replicas"."width" AS "replica_width",
  "replicas"."height" AS "replica_height",
  "replicas"."phase" AS "replica_phase",
  "replicas"."created_at" AS "replica_created_at",
  "replicas"."updated_at" AS "replica_updated_at",
  "thumbnails"."id" AS "thumbnail_id",
  "thumbnails"."width" AS "thumbnail_width",
  "thumbnails"."height" AS "thumbnail_height",
  "thumbnails"."created_at" AS "thumbnail_created_at",
  "thumbnails"."updated_at" AS "thumbnail_updated_at"
FROM
  "replicas"
LEFT JOIN
  "thumbnails" ON "replicas"."id" = "thumbnails"."replica_id"
WHERE
  "medium_id" IN ($1)
ORDER BY
  "medium_id" ASC,
  "display_order" ASC'''
rows_affected = 2
rows_returned = 2

[[queries]]
sql = '''
SELECT
  "id",
  "created_at",
  "updated_at"
FROM
  "media"
WHERE
  "id" = $1'''
rows_affected = 1
rows_returned = 1

[[queries]]
sql = '''
SELECT
  "replicas"."id" AS "replica_id",
  "replicas"."medium_id" AS "replica_medium_id",
  "replicas"."display_order" AS "replica_display_order",
  "replicas"."original_url" AS "replica_original_url",
  "replicas"."mime_type" AS "replica_mime_type",
  "replicas"."width" AS "replica_width",
  "replicas"."height" AS "replica_height",
  "replicas"."phase" AS "replica_phase",
  "replicas"."created_at" AS "replica_created_at",
  "replicas"."updated_at" AS "replica_updated_at",
  "thumbnails"."id" AS "thumbnail_id",
  "thumbnails"."width" AS "thumbnail_width",
  "thumbnails"."height" AS "thumbnail_height",
  "thumbnails"."created_at" AS "thumbnail_created_at",
  "thumbnails"."updated_at" AS "thumbnail_updated_at"
FROM
  "replicas"
LEFT JOIN
  "thumbnails" ON "replicas"."id" = "thumbnails"."replica_id"
WHERE
  "medium_id" IN ($1)
ORDER BY
  "medium_id" ASC,
  "display_order" ASC'''
rows_affected = 2
rows_returned = 2
