---
source: crates/postgres/tests/integration/media/fetch_by_source_ids_with_replicas.rs
expression: ctx.queries()
---
[[queries]]
sql = '''
SELECT
  "id",
  "created_at",
  "updated_at"
FROM
  "media"
INNER JOIN
  "media_sources" ON "media_sources"."medium_id" = "media"."id"
WHERE
  ("created_at", "id") > ($1, $2)
  AND "source_id" IN ($3, $4, $5)
GROUP BY
  "id"
ORDER BY
  "media"."created_at" ASC,
  "media"."id" ASC
LIMIT
  $6'''
rows_affected = 2
rows_returned = 2

[[queries]]
sql = '''
SELECT
  "replicas"."id" AS "replica_id",
  "replicas"."medium_id" AS "replica_medium_id",
  "replicas"."display_order" AS "replica_display_order",
  "replicas"."original_url" AS "replica_original_url",
  "replicas"."mime_type" AS "replica_mime_type",
  "replicas"."width" AS "replica_width",
  "replicas"."height" AS "replica_height",
  "replicas"."phase" AS "replica_phase",
  "replicas"."created_at" AS "replica_created_at",
  "replicas"."updated_at" AS "replica_updated_at",
  "thumbnails"."id" AS "thumbnail_id",
  "thumbnails"."width" AS "thumbnail_width",
  "thumbnails"."height" AS "thumbnail_height",
  "thumbnails"."created_at" AS "thumbnail_created_at",
  "thumbnails"."updated_at" AS "thumbnail_updated_at"
FROM
  "replicas"
LEFT JOIN
  "thumbnails" ON "replicas"."id" = "thumbnails"."replica_id"
WHERE
  "medium_id" IN ($1, $2)
ORDER BY
  "medium_id" ASC,
  "display_order" ASC'''
rows_affected = 4
rows_returned = 4
